------------------------------------------------------------
TimeQuest Timing Analyzer Summary
------------------------------------------------------------

Type  : Slow 1200mV 85C Model Setup 'user_pll|altpll_component|auto_generated|pll1|clk[0]'
Slack : -6.355
TNS   : -80.822

Type  : Slow 1200mV 85C Model Setup 'clk'
Slack : 19.288
TNS   : 0.000

Type  : Slow 1200mV 85C Model Setup 'meas_clk'
Slack : 34.563
TNS   : 0.000

Type  : Slow 1200mV 85C Model Hold 'user_pll|altpll_component|auto_generated|pll1|clk[0]'
Slack : 0.341
TNS   : 0.000

Type  : Slow 1200mV 85C Model Hold 'meas_clk'
Slack : 0.348
TNS   : 0.000

Type  : Slow 1200mV 85C Model Hold 'clk'
Slack : 0.383
TNS   : 0.000

Type  : Slow 1200mV 85C Model Minimum Pulse Width 'user_pll|altpll_component|auto_generated|pll1|clk[0]'
Slack : 3.717
TNS   : 0.000

Type  : Slow 1200mV 85C Model Minimum Pulse Width 'clk'
Slack : 9.592
TNS   : 0.000

Type  : Slow 1200mV 85C Model Minimum Pulse Width 'meas_clk'
Slack : 19.771
TNS   : 0.000

Type  : Slow 1200mV 0C Model Setup 'user_pll|altpll_component|auto_generated|pll1|clk[0]'
Slack : -5.130
TNS   : -53.438

Type  : Slow 1200mV 0C Model Setup 'clk'
Slack : 19.352
TNS   : 0.000

Type  : Slow 1200mV 0C Model Setup 'meas_clk'
Slack : 34.964
TNS   : 0.000

Type  : Slow 1200mV 0C Model Hold 'user_pll|altpll_component|auto_generated|pll1|clk[0]'
Slack : 0.307
TNS   : 0.000

Type  : Slow 1200mV 0C Model Hold 'meas_clk'
Slack : 0.312
TNS   : 0.000

Type  : Slow 1200mV 0C Model Hold 'clk'
Slack : 0.345
TNS   : 0.000

Type  : Slow 1200mV 0C Model Minimum Pulse Width 'user_pll|altpll_component|auto_generated|pll1|clk[0]'
Slack : 3.701
TNS   : 0.000

Type  : Slow 1200mV 0C Model Minimum Pulse Width 'clk'
Slack : 9.582
TNS   : 0.000

Type  : Slow 1200mV 0C Model Minimum Pulse Width 'meas_clk'
Slack : 19.749
TNS   : 0.000

Type  : Fast 1200mV 0C Model Setup 'user_pll|altpll_component|auto_generated|pll1|clk[0]'
Slack : 2.167
TNS   : 0.000

Type  : Fast 1200mV 0C Model Setup 'clk'
Slack : 19.684
TNS   : 0.000

Type  : Fast 1200mV 0C Model Setup 'meas_clk'
Slack : 37.535
TNS   : 0.000

Type  : Fast 1200mV 0C Model Hold 'user_pll|altpll_component|auto_generated|pll1|clk[0]'
Slack : 0.149
TNS   : 0.000

Type  : Fast 1200mV 0C Model Hold 'meas_clk'
Slack : 0.152
TNS   : 0.000

Type  : Fast 1200mV 0C Model Hold 'clk'
Slack : 0.160
TNS   : 0.000

Type  : Fast 1200mV 0C Model Minimum Pulse Width 'user_pll|altpll_component|auto_generated|pll1|clk[0]'
Slack : 3.752
TNS   : 0.000

Type  : Fast 1200mV 0C Model Minimum Pulse Width 'clk'
Slack : 9.338
TNS   : 0.000

Type  : Fast 1200mV 0C Model Minimum Pulse Width 'meas_clk'
Slack : 19.738
TNS   : 0.000

------------------------------------------------------------
